// Jest Snapshot v1, https://goo.gl/fbAQLP

exports[`Should render HomePage correctly 1`] = `
<div>
  <Connect(Header) />
  <div
    className="page-header"
  >
    <div
      className="content-container"
    >
      <Connect(BlogListFilters) />
    </div>
  </div>
  <div
    className="content-container"
  >
    <Connect(BlogList) />
  </div>
</div>
`;
